---
# Source: serviceAccount/templates/serviceaccount.yaml
apiVersion: v1
kind: ServiceAccount
metadata:
  name: xraylab-1-sa
  namespace: xraylab-1
  annotations:
