---
# Source: kafka/templates/kafkaCluster.yaml
apiVersion: kafka.strimzi.io/v1beta2
kind: Kafka
metadata:
  name: xray-cluster
  namespace: "xraylab-1"
spec:
  entityOperator:
    topicOperator:
      reconciliationIntervalSeconds: 90
    userOperator:
      reconciliationIntervalSeconds: 120
  kafka:
    config:
      offsets.topic.replication.factor: 1
      transaction.state.log.min.isr: 1
      transaction.state.log.replication.factor: 1
    listeners:
      - name: plain
        port: 9092
        type: internal
        tls: false
      - name: tls
        port: 9093
        type: internal
        tls: true
    replicas: 3
    storage:
      type: ephemeral
  zookeeper:
    replicas: 3
    storage:
      type: ephemeral
---
# Source: kafka/templates/kafkaTopics.yaml
apiVersion: kafka.strimzi.io/v1beta2
kind: KafkaTopic
metadata:
  name: xray-images
  namespace: xraylab-1
  labels:
    strimzi.io/cluster: xray-cluster
spec:
  partitions: 1
  replicas: 1
  config:
    retention.ms: 604800000
    segment.bytes: 1073741824
